// Jest Snapshot v1, https://goo.gl/fbAQLP

exports[`renders correctly 1`] = `
<div
  className="party-size-wrapper"
>
  <div
    className="party-size-title"
  >
    Party Size
  </div>
  <select
    className="party-size-list"
    defaultValue="2"
    onChange={[Function]}
  >
    <option
      className="party-size-selected"
      value={1}
    >
      1
    </option>
    <option
      className="party-size-selected"
      value={2}
    >
      2
    </option>
    <option
      className="party-size-selected"
      value={3}
    >
      3
    </option>
    <option
      className="party-size-selected"
      value={4}
    >
      4
    </option>
    <option
      className="party-size-selected"
      value={5}
    >
      5
    </option>
    <option
      className="party-size-selected"
      value={6}
    >
      6
    </option>
    <option
      className="party-size-selected"
      value={7}
    >
      7
    </option>
    <option
      className="party-size-selected"
      value={8}
    >
      8
    </option>
    <option
      className="party-size-selected"
      value={9}
    >
      9
    </option>
    <option
      className="party-size-selected"
      value={10}
    >
      10
    </option>
    <option
      className="party-size-selected"
      value={11}
    >
      11
    </option>
    <option
      className="party-size-selected"
      value={12}
    >
      12
    </option>
    <option
      className="party-size-selected"
      value={13}
    >
      13
    </option>
    <option
      className="party-size-selected"
      value={14}
    >
      14
    </option>
    <option
      className="party-size-selected"
      value={15}
    >
      15
    </option>
    <option
      className="party-size-selected"
      value={16}
    >
      16
    </option>
    <option
      className="party-size-selected"
      value={17}
    >
      17
    </option>
    <option
      className="party-size-selected"
      value={18}
    >
      18
    </option>
    <option
      className="party-size-selected"
      value={19}
    >
      19
    </option>
    <option
      className="party-size-selected"
      value={20}
    >
      20
    </option>
  </select>
</div>
`;
